// Vitest Snapshot v1, https://vitest.dev/guide/snapshot.html

exports[`buildFunctions() > builds test-project correctly > firebase.json 1`] = `
{
  "codebase": "gatsby",
  "runtime": "nodejs20",
  "source": ".firebase/functions",
}
`;

exports[`buildFunctions() > builds test-project with custom options > firebase.json 1`] = `
{
  "codebase": "test-functions",
  "runtime": "nodejs22",
  "source": ".firebase/test",
}
`;
